{ "@timestamp": "2024-02-06T18:36:53.387488", "key": "Running XVA Analytic", "progress": 0, "total": 1 }
{ "@timestamp": "2024-02-06T18:36:53.388488", "key": "XVA: Build Today's Market", "progress": 0, "total": 1 }
{ "@timestamp": "2024-02-06T18:36:53.793481", "key": "XVA: Build Today's Market", "progress": 1, "total": 1 }
{ "@timestamp": "2024-02-06T18:36:55.908443", "key": "XVA: Build Portfolio", "progress": 0, "total": 1 }
{ "@timestamp": "2024-02-06T18:36:55.914443", "key": "XVA: Build Portfolio", "progress": 1, "total": 1 }
{ "@timestamp": "2024-02-06T18:37:00.790356", "detail": "3 trades, 50 samples", "key": "XVA: Building cube", "progress": 0, "total": 150 }
{ "@timestamp": "2024-02-06T18:37:00.870355", "detail": "3 trades, 50 samples", "key": "XVA: Building cube", "progress": 3, "total": 150 }
{ "@timestamp": "2024-02-06T18:37:00.949354", "detail": "3 trades, 50 samples", "key": "XVA: Building cube", "progress": 6, "total": 150 }
{ "@timestamp": "2024-02-06T18:37:01.029353", "detail": "3 trades, 50 samples", "key": "XVA: Building cube", "progress": 9, "total": 150 }
{ "@timestamp": "2024-02-06T18:37:01.109352", "detail": "3 trades, 50 samples", "key": "XVA: Building cube", "progress": 12, "total": 150 }
{ "@timestamp": "2024-02-06T18:37:01.191349", "detail": "3 trades, 50 samples", "key": "XVA: Building cube", "progress": 15, "total": 150 }
{ "@timestamp": "2024-02-06T18:37:01.270349", "detail": "3 trades, 50 samples", "key": "XVA: Building cube", "progress": 18, "total": 150 }
{ "@timestamp": "2024-02-06T18:37:01.349346", "detail": "3 trades, 50 samples", "key": "XVA: Building cube", "progress": 21, "total": 150 }
{ "@timestamp": "2024-02-06T18:37:01.427345", "detail": "3 trades, 50 samples", "key": "XVA: Building cube", "progress": 24, "total": 150 }
{ "@timestamp": "2024-02-06T18:37:01.512344", "detail": "3 trades, 50 samples", "key": "XVA: Building cube", "progress": 27, "total": 150 }
{ "@timestamp": "2024-02-06T18:37:01.595341", "detail": "3 trades, 50 samples", "key": "XVA: Building cube", "progress": 30, "total": 150 }
{ "@timestamp": "2024-02-06T18:37:01.676341", "detail": "3 trades, 50 samples", "key": "XVA: Building cube", "progress": 33, "total": 150 }
{ "@timestamp": "2024-02-06T18:37:01.754338", "detail": "3 trades, 50 samples", "key": "XVA: Building cube", "progress": 36, "total": 150 }
{ "@timestamp": "2024-02-06T18:37:01.833338", "detail": "3 trades, 50 samples", "key": "XVA: Building cube", "progress": 39, "total": 150 }
{ "@timestamp": "2024-02-06T18:37:01.913337", "detail": "3 trades, 50 samples", "key": "XVA: Building cube", "progress": 42, "total": 150 }
{ "@timestamp": "2024-02-06T18:37:01.990334", "detail": "3 trades, 50 samples", "key": "XVA: Building cube", "progress": 45, "total": 150 }
{ "@timestamp": "2024-02-06T18:37:02.072333", "detail": "3 trades, 50 samples", "key": "XVA: Building cube", "progress": 48, "total": 150 }
{ "@timestamp": "2024-02-06T18:37:02.153335", "detail": "3 trades, 50 samples", "key": "XVA: Building cube", "progress": 51, "total": 150 }
{ "@timestamp": "2024-02-06T18:37:02.241330", "detail": "3 trades, 50 samples", "key": "XVA: Building cube", "progress": 54, "total": 150 }
{ "@timestamp": "2024-02-06T18:37:02.321328", "detail": "3 trades, 50 samples", "key": "XVA: Building cube", "progress": 57, "total": 150 }
{ "@timestamp": "2024-02-06T18:37:02.402343", "detail": "3 trades, 50 samples", "key": "XVA: Building cube", "progress": 60, "total": 150 }
{ "@timestamp": "2024-02-06T18:37:02.480326", "detail": "3 trades, 50 samples", "key": "XVA: Building cube", "progress": 63, "total": 150 }
{ "@timestamp": "2024-02-06T18:37:02.560325", "detail": "3 trades, 50 samples", "key": "XVA: Building cube", "progress": 66, "total": 150 }
{ "@timestamp": "2024-02-06T18:37:02.645323", "detail": "3 trades, 50 samples", "key": "XVA: Building cube", "progress": 69, "total": 150 }
{ "@timestamp": "2024-02-06T18:37:02.731321", "detail": "3 trades, 50 samples", "key": "XVA: Building cube", "progress": 72, "total": 150 }
{ "@timestamp": "2024-02-06T18:37:02.826321", "detail": "3 trades, 50 samples", "key": "XVA: Building cube", "progress": 75, "total": 150 }
{ "@timestamp": "2024-02-06T18:37:02.911318", "detail": "3 trades, 50 samples", "key": "XVA: Building cube", "progress": 78, "total": 150 }
{ "@timestamp": "2024-02-06T18:37:02.991318", "detail": "3 trades, 50 samples", "key": "XVA: Building cube", "progress": 81, "total": 150 }
{ "@timestamp": "2024-02-06T18:37:03.076315", "detail": "3 trades, 50 samples", "key": "XVA: Building cube", "progress": 84, "total": 150 }
{ "@timestamp": "2024-02-06T18:37:03.160313", "detail": "3 trades, 50 samples", "key": "XVA: Building cube", "progress": 87, "total": 150 }
{ "@timestamp": "2024-02-06T18:37:03.241312", "detail": "3 trades, 50 samples", "key": "XVA: Building cube", "progress": 90, "total": 150 }
{ "@timestamp": "2024-02-06T18:37:03.318310", "detail": "3 trades, 50 samples", "key": "XVA: Building cube", "progress": 93, "total": 150 }
{ "@timestamp": "2024-02-06T18:37:03.397310", "detail": "3 trades, 50 samples", "key": "XVA: Building cube", "progress": 96, "total": 150 }
{ "@timestamp": "2024-02-06T18:37:03.473307", "detail": "3 trades, 50 samples", "key": "XVA: Building cube", "progress": 99, "total": 150 }
{ "@timestamp": "2024-02-06T18:37:03.549306", "detail": "3 trades, 50 samples", "key": "XVA: Building cube", "progress": 102, "total": 150 }
{ "@timestamp": "2024-02-06T18:37:03.626305", "detail": "3 trades, 50 samples", "key": "XVA: Building cube", "progress": 105, "total": 150 }
{ "@timestamp": "2024-02-06T18:37:03.705304", "detail": "3 trades, 50 samples", "key": "XVA: Building cube", "progress": 108, "total": 150 }
{ "@timestamp": "2024-02-06T18:37:03.783302", "detail": "3 trades, 50 samples", "key": "XVA: Building cube", "progress": 111, "total": 150 }
{ "@timestamp": "2024-02-06T18:37:03.864301", "detail": "3 trades, 50 samples", "key": "XVA: Building cube", "progress": 114, "total": 150 }
{ "@timestamp": "2024-02-06T18:37:03.940299", "detail": "3 trades, 50 samples", "key": "XVA: Building cube", "progress": 117, "total": 150 }
{ "@timestamp": "2024-02-06T18:37:04.018298", "detail": "3 trades, 50 samples", "key": "XVA: Building cube", "progress": 120, "total": 150 }
{ "@timestamp": "2024-02-06T18:37:04.098296", "detail": "3 trades, 50 samples", "key": "XVA: Building cube", "progress": 123, "total": 150 }
{ "@timestamp": "2024-02-06T18:37:04.176295", "detail": "3 trades, 50 samples", "key": "XVA: Building cube", "progress": 126, "total": 150 }
{ "@timestamp": "2024-02-06T18:37:04.254293", "detail": "3 trades, 50 samples", "key": "XVA: Building cube", "progress": 129, "total": 150 }
{ "@timestamp": "2024-02-06T18:37:04.333293", "detail": "3 trades, 50 samples", "key": "XVA: Building cube", "progress": 132, "total": 150 }
{ "@timestamp": "2024-02-06T18:37:04.414291", "detail": "3 trades, 50 samples", "key": "XVA: Building cube", "progress": 135, "total": 150 }
{ "@timestamp": "2024-02-06T18:37:04.493290", "detail": "3 trades, 50 samples", "key": "XVA: Building cube", "progress": 138, "total": 150 }
{ "@timestamp": "2024-02-06T18:37:04.575289", "detail": "3 trades, 50 samples", "key": "XVA: Building cube", "progress": 141, "total": 150 }
{ "@timestamp": "2024-02-06T18:37:04.656286", "detail": "3 trades, 50 samples", "key": "XVA: Building cube", "progress": 144, "total": 150 }
{ "@timestamp": "2024-02-06T18:37:04.735284", "detail": "3 trades, 50 samples", "key": "XVA: Building cube", "progress": 147, "total": 150 }
{ "@timestamp": "2024-02-06T18:37:04.741284", "detail": "3 trades, 50 samples", "key": "XVA: Building cube", "progress": 150, "total": 150 }
{ "@timestamp": "2024-02-06T18:37:04.765284", "key": "XVA: Aggregation", "progress": 0, "total": 1 }
{ "@timestamp": "2024-02-06T18:37:04.814283", "key": "XVA: Aggregation", "progress": 1, "total": 1 }
{ "@timestamp": "2024-02-06T18:37:04.814283", "key": "XVA: Reports", "progress": 0, "total": 1 }
{ "@timestamp": "2024-02-06T18:37:04.829283", "key": "XVA: Reports", "progress": 1, "total": 1 }
{ "@timestamp": "2024-02-06T18:37:04.829283", "key": "Running XVA Analytic", "progress": 1, "total": 1 }
