{ "@timestamp": "2024-02-06T18:37:49.879997", "key": "Running XVA Analytic", "progress": 0, "total": 1 }
{ "@timestamp": "2024-02-06T18:37:49.880995", "key": "XVA: Build Today's Market", "progress": 0, "total": 1 }
{ "@timestamp": "2024-02-06T18:37:50.280988", "key": "XVA: Build Today's Market", "progress": 1, "total": 1 }
{ "@timestamp": "2024-02-06T18:37:53.403933", "key": "XVA: Build Portfolio", "progress": 0, "total": 1 }
{ "@timestamp": "2024-02-06T18:37:53.405933", "key": "XVA: Build Portfolio", "progress": 1, "total": 1 }
{ "@timestamp": "2024-02-06T18:37:56.119885", "detail": "3 trades, 50 samples", "key": "XVA: Building cube", "progress": 0, "total": 150 }
{ "@timestamp": "2024-02-06T18:37:56.189882", "detail": "3 trades, 50 samples", "key": "XVA: Building cube", "progress": 3, "total": 150 }
{ "@timestamp": "2024-02-06T18:37:56.246882", "detail": "3 trades, 50 samples", "key": "XVA: Building cube", "progress": 6, "total": 150 }
{ "@timestamp": "2024-02-06T18:37:56.310881", "detail": "3 trades, 50 samples", "key": "XVA: Building cube", "progress": 9, "total": 150 }
{ "@timestamp": "2024-02-06T18:37:56.387880", "detail": "3 trades, 50 samples", "key": "XVA: Building cube", "progress": 12, "total": 150 }
{ "@timestamp": "2024-02-06T18:37:56.458877", "detail": "3 trades, 50 samples", "key": "XVA: Building cube", "progress": 15, "total": 150 }
{ "@timestamp": "2024-02-06T18:37:56.512877", "detail": "3 trades, 50 samples", "key": "XVA: Building cube", "progress": 18, "total": 150 }
{ "@timestamp": "2024-02-06T18:37:56.572876", "detail": "3 trades, 50 samples", "key": "XVA: Building cube", "progress": 21, "total": 150 }
{ "@timestamp": "2024-02-06T18:37:56.612876", "detail": "3 trades, 50 samples", "key": "XVA: Building cube", "progress": 24, "total": 150 }
{ "@timestamp": "2024-02-06T18:37:56.659874", "detail": "3 trades, 50 samples", "key": "XVA: Building cube", "progress": 27, "total": 150 }
{ "@timestamp": "2024-02-06T18:37:56.693875", "detail": "3 trades, 50 samples", "key": "XVA: Building cube", "progress": 30, "total": 150 }
{ "@timestamp": "2024-02-06T18:37:56.732871", "detail": "3 trades, 50 samples", "key": "XVA: Building cube", "progress": 33, "total": 150 }
{ "@timestamp": "2024-02-06T18:37:56.761873", "detail": "3 trades, 50 samples", "key": "XVA: Building cube", "progress": 36, "total": 150 }
{ "@timestamp": "2024-02-06T18:37:56.817870", "detail": "3 trades, 50 samples", "key": "XVA: Building cube", "progress": 39, "total": 150 }
{ "@timestamp": "2024-02-06T18:37:56.872872", "detail": "3 trades, 50 samples", "key": "XVA: Building cube", "progress": 42, "total": 150 }
{ "@timestamp": "2024-02-06T18:37:56.907870", "detail": "3 trades, 50 samples", "key": "XVA: Building cube", "progress": 45, "total": 150 }
{ "@timestamp": "2024-02-06T18:37:56.968868", "detail": "3 trades, 50 samples", "key": "XVA: Building cube", "progress": 48, "total": 150 }
{ "@timestamp": "2024-02-06T18:37:57.011867", "detail": "3 trades, 50 samples", "key": "XVA: Building cube", "progress": 51, "total": 150 }
{ "@timestamp": "2024-02-06T18:37:57.079867", "detail": "3 trades, 50 samples", "key": "XVA: Building cube", "progress": 54, "total": 150 }
{ "@timestamp": "2024-02-06T18:37:57.130866", "detail": "3 trades, 50 samples", "key": "XVA: Building cube", "progress": 57, "total": 150 }
{ "@timestamp": "2024-02-06T18:37:57.192866", "detail": "3 trades, 50 samples", "key": "XVA: Building cube", "progress": 60, "total": 150 }
{ "@timestamp": "2024-02-06T18:37:57.229864", "detail": "3 trades, 50 samples", "key": "XVA: Building cube", "progress": 63, "total": 150 }
{ "@timestamp": "2024-02-06T18:37:57.290865", "detail": "3 trades, 50 samples", "key": "XVA: Building cube", "progress": 66, "total": 150 }
{ "@timestamp": "2024-02-06T18:37:57.328864", "detail": "3 trades, 50 samples", "key": "XVA: Building cube", "progress": 69, "total": 150 }
{ "@timestamp": "2024-02-06T18:37:57.367863", "detail": "3 trades, 50 samples", "key": "XVA: Building cube", "progress": 72, "total": 150 }
{ "@timestamp": "2024-02-06T18:37:57.417862", "detail": "3 trades, 50 samples", "key": "XVA: Building cube", "progress": 75, "total": 150 }
{ "@timestamp": "2024-02-06T18:37:57.482861", "detail": "3 trades, 50 samples", "key": "XVA: Building cube", "progress": 78, "total": 150 }
{ "@timestamp": "2024-02-06T18:37:57.514860", "detail": "3 trades, 50 samples", "key": "XVA: Building cube", "progress": 81, "total": 150 }
{ "@timestamp": "2024-02-06T18:37:57.569858", "detail": "3 trades, 50 samples", "key": "XVA: Building cube", "progress": 84, "total": 150 }
{ "@timestamp": "2024-02-06T18:37:57.618858", "detail": "3 trades, 50 samples", "key": "XVA: Building cube", "progress": 87, "total": 150 }
{ "@timestamp": "2024-02-06T18:37:57.673856", "detail": "3 trades, 50 samples", "key": "XVA: Building cube", "progress": 90, "total": 150 }
{ "@timestamp": "2024-02-06T18:37:57.730855", "detail": "3 trades, 50 samples", "key": "XVA: Building cube", "progress": 93, "total": 150 }
{ "@timestamp": "2024-02-06T18:37:57.786854", "detail": "3 trades, 50 samples", "key": "XVA: Building cube", "progress": 96, "total": 150 }
{ "@timestamp": "2024-02-06T18:37:57.869853", "detail": "3 trades, 50 samples", "key": "XVA: Building cube", "progress": 99, "total": 150 }
{ "@timestamp": "2024-02-06T18:37:57.918852", "detail": "3 trades, 50 samples", "key": "XVA: Building cube", "progress": 102, "total": 150 }
{ "@timestamp": "2024-02-06T18:37:57.961851", "detail": "3 trades, 50 samples", "key": "XVA: Building cube", "progress": 105, "total": 150 }
{ "@timestamp": "2024-02-06T18:37:57.996853", "detail": "3 trades, 50 samples", "key": "XVA: Building cube", "progress": 108, "total": 150 }
{ "@timestamp": "2024-02-06T18:37:58.045849", "detail": "3 trades, 50 samples", "key": "XVA: Building cube", "progress": 111, "total": 150 }
{ "@timestamp": "2024-02-06T18:37:58.097848", "detail": "3 trades, 50 samples", "key": "XVA: Building cube", "progress": 114, "total": 150 }
{ "@timestamp": "2024-02-06T18:37:58.130849", "detail": "3 trades, 50 samples", "key": "XVA: Building cube", "progress": 117, "total": 150 }
{ "@timestamp": "2024-02-06T18:37:58.195846", "detail": "3 trades, 50 samples", "key": "XVA: Building cube", "progress": 120, "total": 150 }
{ "@timestamp": "2024-02-06T18:37:58.247846", "detail": "3 trades, 50 samples", "key": "XVA: Building cube", "progress": 123, "total": 150 }
{ "@timestamp": "2024-02-06T18:37:58.291844", "detail": "3 trades, 50 samples", "key": "XVA: Building cube", "progress": 126, "total": 150 }
{ "@timestamp": "2024-02-06T18:37:58.374844", "detail": "3 trades, 50 samples", "key": "XVA: Building cube", "progress": 129, "total": 150 }
{ "@timestamp": "2024-02-06T18:37:58.415843", "detail": "3 trades, 50 samples", "key": "XVA: Building cube", "progress": 132, "total": 150 }
{ "@timestamp": "2024-02-06T18:37:58.457843", "detail": "3 trades, 50 samples", "key": "XVA: Building cube", "progress": 135, "total": 150 }
{ "@timestamp": "2024-02-06T18:37:58.506841", "detail": "3 trades, 50 samples", "key": "XVA: Building cube", "progress": 138, "total": 150 }
{ "@timestamp": "2024-02-06T18:37:58.556840", "detail": "3 trades, 50 samples", "key": "XVA: Building cube", "progress": 141, "total": 150 }
{ "@timestamp": "2024-02-06T18:37:58.592839", "detail": "3 trades, 50 samples", "key": "XVA: Building cube", "progress": 144, "total": 150 }
{ "@timestamp": "2024-02-06T18:37:58.625841", "detail": "3 trades, 50 samples", "key": "XVA: Building cube", "progress": 147, "total": 150 }
{ "@timestamp": "2024-02-06T18:37:58.631840", "detail": "3 trades, 50 samples", "key": "XVA: Building cube", "progress": 150, "total": 150 }
{ "@timestamp": "2024-02-06T18:37:58.651839", "key": "XVA: Aggregation", "progress": 0, "total": 1 }
{ "@timestamp": "2024-02-06T18:37:58.668837", "key": "XVA: Aggregation", "progress": 1, "total": 1 }
{ "@timestamp": "2024-02-06T18:37:58.668837", "key": "XVA: Reports", "progress": 0, "total": 1 }
{ "@timestamp": "2024-02-06T18:37:58.674837", "key": "XVA: Reports", "progress": 1, "total": 1 }
{ "@timestamp": "2024-02-06T18:37:58.674837", "key": "Running XVA Analytic", "progress": 1, "total": 1 }
